// Jest Snapshot v1, https://goo.gl/fbAQLP

exports[`<Button /> should render the button 1`] = `
.c0 {
  width: 100%;
  height: 5.2rem;
  border: none;
  background: #5061fc;
  font-size: 1.6rem;
  box-shadow: 0 0.4rem 1rem rgba(0,0,0,0.04);
  font-weight: bold;
  color: #fff;
  border-radius: 0.4rem;
  -webkit-transition: background 0.2s ease-in;
  transition: background 0.2s ease-in;
  cursor: pointer;
}

.c0:hover {
  background: #b4bcfe;
}

.c0:active {
  background: #1e34fb;
}

.c0[disabled] {
  background: #ccc;
  cursor: default;
}

<button
  class="c0"
>
  Test button
</button>
`;
